Analysis & Synthesis report for Multiplier
Sat Apr 19 23:37:44 2025
Quartus Prime Version 18.1.0 Build 625 09/12/2018 SJ Lite Edition


---------------------
; Table of Contents ;
---------------------
  1. Legal Notice
  2. Analysis & Synthesis Summary
  3. Analysis & Synthesis Settings
  4. Parallel Compilation
  5. Analysis & Synthesis Source Files Read
  6. Analysis & Synthesis Resource Usage Summary
  7. Analysis & Synthesis Resource Utilization by Entity
  8. General Register Statistics
  9. Post-Synthesis Netlist Statistics for Top Partition
 10. Elapsed Time Per Partition
 11. Analysis & Synthesis Messages



----------------
; Legal Notice ;
----------------
Copyright (C) 2018  Intel Corporation. All rights reserved.
Your use of Intel Corporation's design tools, logic functions 
and other software and tools, and its AMPP partner logic 
functions, and any output files from any of the foregoing 
(including device programming or simulation files), and any 
associated documentation or information are expressly subject 
to the terms and conditions of the Intel Program License 
Subscription Agreement, the Intel Quartus Prime License Agreement,
the Intel FPGA IP License Agreement, or other applicable license
agreement, including, without limitation, that your use is for
the sole purpose of programming logic devices manufactured by
Intel and sold by Intel or its authorized distributors.  Please
refer to the applicable agreement for further details.



+----------------------------------------------------------------------------------+
; Analysis & Synthesis Summary                                                     ;
+------------------------------------+---------------------------------------------+
; Analysis & Synthesis Status        ; Successful - Sat Apr 19 23:37:44 2025       ;
; Quartus Prime Version              ; 18.1.0 Build 625 09/12/2018 SJ Lite Edition ;
; Revision Name                      ; Multiplier                                  ;
; Top-level Entity Name              ; Multiplier                                  ;
; Family                             ; Cyclone IV E                                ;
; Total logic elements               ; 44                                          ;
;     Total combinational functions  ; 44                                          ;
;     Dedicated logic registers      ; 0                                           ;
; Total registers                    ; 0                                           ;
; Total pins                         ; 72                                          ;
; Total virtual pins                 ; 0                                           ;
; Total memory bits                  ; 0                                           ;
; Embedded Multiplier 9-bit elements ; 0                                           ;
; Total PLLs                         ; 0                                           ;
+------------------------------------+---------------------------------------------+


+------------------------------------------------------------------------------------------------------------+
; Analysis & Synthesis Settings                                                                              ;
+------------------------------------------------------------------+--------------------+--------------------+
; Option                                                           ; Setting            ; Default Value      ;
+------------------------------------------------------------------+--------------------+--------------------+
; Device                                                           ; EP4CE115F29C7      ;                    ;
; Top-level entity name                                            ; Multiplier         ; Multiplier         ;
; Family name                                                      ; Cyclone IV E       ; Cyclone V          ;
; Use smart compilation                                            ; Off                ; Off                ;
; Enable parallel Assembler and Timing Analyzer during compilation ; On                 ; On                 ;
; Enable compact report table                                      ; Off                ; Off                ;
; Restructure Multiplexers                                         ; Auto               ; Auto               ;
; Create Debugging Nodes for IP Cores                              ; Off                ; Off                ;
; Preserve fewer node names                                        ; On                 ; On                 ;
; Intel FPGA IP Evaluation Mode                                    ; Enable             ; Enable             ;
; Verilog Version                                                  ; Verilog_2001       ; Verilog_2001       ;
; VHDL Version                                                     ; VHDL_1993          ; VHDL_1993          ;
; State Machine Processing                                         ; Auto               ; Auto               ;
; Safe State Machine                                               ; Off                ; Off                ;
; Extract Verilog State Machines                                   ; On                 ; On                 ;
; Extract VHDL State Machines                                      ; On                 ; On                 ;
; Ignore Verilog initial constructs                                ; Off                ; Off                ;
; Iteration limit for constant Verilog loops                       ; 5000               ; 5000               ;
; Iteration limit for non-constant Verilog loops                   ; 250                ; 250                ;
; Add Pass-Through Logic to Inferred RAMs                          ; On                 ; On                 ;
; Infer RAMs from Raw Logic                                        ; On                 ; On                 ;
; Parallel Synthesis                                               ; On                 ; On                 ;
; DSP Block Balancing                                              ; Auto               ; Auto               ;
; NOT Gate Push-Back                                               ; On                 ; On                 ;
; Power-Up Don't Care                                              ; On                 ; On                 ;
; Remove Redundant Logic Cells                                     ; Off                ; Off                ;
; Remove Duplicate Registers                                       ; On                 ; On                 ;
; Ignore CARRY Buffers                                             ; Off                ; Off                ;
; Ignore CASCADE Buffers                                           ; Off                ; Off                ;
; Ignore GLOBAL Buffers                                            ; Off                ; Off                ;
; Ignore ROW GLOBAL Buffers                                        ; Off                ; Off                ;
; Ignore LCELL Buffers                                             ; Off                ; Off                ;
; Ignore SOFT Buffers                                              ; On                 ; On                 ;
; Limit AHDL Integers to 32 Bits                                   ; Off                ; Off                ;
; Optimization Technique                                           ; Balanced           ; Balanced           ;
; Carry Chain Length                                               ; 70                 ; 70                 ;
; Auto Carry Chains                                                ; On                 ; On                 ;
; Auto Open-Drain Pins                                             ; On                 ; On                 ;
; Perform WYSIWYG Primitive Resynthesis                            ; Off                ; Off                ;
; Auto ROM Replacement                                             ; On                 ; On                 ;
; Auto RAM Replacement                                             ; On                 ; On                 ;
; Auto DSP Block Replacement                                       ; On                 ; On                 ;
; Auto Shift Register Replacement                                  ; Auto               ; Auto               ;
; Allow Shift Register Merging across Hierarchies                  ; Auto               ; Auto               ;
; Auto Clock Enable Replacement                                    ; On                 ; On                 ;
; Strict RAM Replacement                                           ; Off                ; Off                ;
; Allow Synchronous Control Signals                                ; On                 ; On                 ;
; Force Use of Synchronous Clear Signals                           ; Off                ; Off                ;
; Auto RAM Block Balancing                                         ; On                 ; On                 ;
; Auto RAM to Logic Cell Conversion                                ; Off                ; Off                ;
; Auto Resource Sharing                                            ; Off                ; Off                ;
; Allow Any RAM Size For Recognition                               ; Off                ; Off                ;
; Allow Any ROM Size For Recognition                               ; Off                ; Off                ;
; Allow Any Shift Register Size For Recognition                    ; Off                ; Off                ;
; Use LogicLock Constraints during Resource Balancing              ; On                 ; On                 ;
; Ignore translate_off and synthesis_off directives                ; Off                ; Off                ;
; Timing-Driven Synthesis                                          ; On                 ; On                 ;
; Report Parameter Settings                                        ; On                 ; On                 ;
; Report Source Assignments                                        ; On                 ; On                 ;
; Report Connectivity Checks                                       ; On                 ; On                 ;
; Ignore Maximum Fan-Out Assignments                               ; Off                ; Off                ;
; Synchronization Register Chain Length                            ; 2                  ; 2                  ;
; Power Optimization During Synthesis                              ; Normal compilation ; Normal compilation ;
; HDL message level                                                ; Level2             ; Level2             ;
; Suppress Register Optimization Related Messages                  ; Off                ; Off                ;
; Number of Removed Registers Reported in Synthesis Report         ; 5000               ; 5000               ;
; Number of Swept Nodes Reported in Synthesis Report               ; 5000               ; 5000               ;
; Number of Inverted Registers Reported in Synthesis Report        ; 100                ; 100                ;
; Clock MUX Protection                                             ; On                 ; On                 ;
; Auto Gated Clock Conversion                                      ; Off                ; Off                ;
; Block Design Naming                                              ; Auto               ; Auto               ;
; SDC constraint protection                                        ; Off                ; Off                ;
; Synthesis Effort                                                 ; Auto               ; Auto               ;
; Shift Register Replacement - Allow Asynchronous Clear Signal     ; On                 ; On                 ;
; Pre-Mapping Resynthesis Optimization                             ; Off                ; Off                ;
; Analysis & Synthesis Message Level                               ; Medium             ; Medium             ;
; Disable Register Merging Across Hierarchies                      ; Auto               ; Auto               ;
; Resource Aware Inference For Block RAM                           ; On                 ; On                 ;
+------------------------------------------------------------------+--------------------+--------------------+


+------------------------------------------+
; Parallel Compilation                     ;
+----------------------------+-------------+
; Processors                 ; Number      ;
+----------------------------+-------------+
; Number detected on machine ; 12          ;
; Maximum allowed            ; 6           ;
;                            ;             ;
; Average used               ; 1.00        ;
; Maximum used               ; 1           ;
;                            ;             ;
; Usage by Processor         ; % Time Used ;
;     Processor 1            ; 100.0%      ;
+----------------------------+-------------+


+------------------------------------------------------------------------------------------------------------------------------------------------+
; Analysis & Synthesis Source Files Read                                                                                                         ;
+----------------------------------+-----------------+------------------------------------+--------------------------------------------+---------+
; File Name with User-Entered Path ; Used in Netlist ; File Type                          ; File Name with Absolute Path               ; Library ;
+----------------------------------+-----------------+------------------------------------+--------------------------------------------+---------+
; 1bit_adder.bdf                   ; yes             ; User Block Diagram/Schematic File  ; D:/Quartus_Labs/Team14_Lab6/1bit_adder.bdf ;         ;
; 8bit_adder.bdf                   ; yes             ; User Block Diagram/Schematic File  ; D:/Quartus_Labs/Team14_Lab6/8bit_adder.bdf ;         ;
; Multiplier.bdf                   ; yes             ; User Block Diagram/Schematic File  ; D:/Quartus_Labs/Team14_Lab6/Multiplier.bdf ;         ;
+----------------------------------+-----------------+------------------------------------+--------------------------------------------+---------+


+----------------------------------------------------------+
; Analysis & Synthesis Resource Usage Summary              ;
+---------------------------------------------+------------+
; Resource                                    ; Usage      ;
+---------------------------------------------+------------+
; Estimated Total logic elements              ; 44         ;
;                                             ;            ;
; Total combinational functions               ; 44         ;
; Logic element usage by number of LUT inputs ;            ;
;     -- 4 input functions                    ; 20         ;
;     -- 3 input functions                    ; 6          ;
;     -- <=2 input functions                  ; 18         ;
;                                             ;            ;
; Logic elements by mode                      ;            ;
;     -- normal mode                          ; 44         ;
;     -- arithmetic mode                      ; 0          ;
;                                             ;            ;
; Total registers                             ; 0          ;
;     -- Dedicated logic registers            ; 0          ;
;     -- I/O registers                        ; 0          ;
;                                             ;            ;
; I/O pins                                    ; 72         ;
;                                             ;            ;
; Embedded Multiplier 9-bit elements          ; 0          ;
;                                             ;            ;
; Maximum fan-out node                        ; B[3]~input ;
; Maximum fan-out                             ; 15         ;
; Total fan-out                               ; 250        ;
; Average fan-out                             ; 1.33       ;
+---------------------------------------------+------------+


+-------------------------------------------------------------------------------------------------------------------------------------------------------------------------------------------------------------------------------------+
; Analysis & Synthesis Resource Utilization by Entity                                                                                                                                                                                 ;
+----------------------------+---------------------+---------------------------+-------------+--------------+---------+-----------+------+--------------+------------------------------------------------+-------------+--------------+
; Compilation Hierarchy Node ; Combinational ALUTs ; Dedicated Logic Registers ; Memory Bits ; DSP Elements ; DSP 9x9 ; DSP 18x18 ; Pins ; Virtual Pins ; Full Hierarchy Name                            ; Entity Name ; Library Name ;
+----------------------------+---------------------+---------------------------+-------------+--------------+---------+-----------+------+--------------+------------------------------------------------+-------------+--------------+
; |Multiplier                ; 44 (16)             ; 0 (0)                     ; 0           ; 0            ; 0       ; 0         ; 72   ; 0            ; |Multiplier                                    ; Multiplier  ; work         ;
;    |8bit_adder:inst10|     ; 10 (0)              ; 0 (0)                     ; 0           ; 0            ; 0       ; 0         ; 0    ; 0            ; |Multiplier|8bit_adder:inst10                  ; 8bit_adder  ; work         ;
;       |1bit_adder:inst3|   ; 2 (2)               ; 0 (0)                     ; 0           ; 0            ; 0       ; 0         ; 0    ; 0            ; |Multiplier|8bit_adder:inst10|1bit_adder:inst3 ; 1bit_adder  ; work         ;
;       |1bit_adder:inst4|   ; 3 (3)               ; 0 (0)                     ; 0           ; 0            ; 0       ; 0         ; 0    ; 0            ; |Multiplier|8bit_adder:inst10|1bit_adder:inst4 ; 1bit_adder  ; work         ;
;       |1bit_adder:inst5|   ; 3 (3)               ; 0 (0)                     ; 0           ; 0            ; 0       ; 0         ; 0    ; 0            ; |Multiplier|8bit_adder:inst10|1bit_adder:inst5 ; 1bit_adder  ; work         ;
;       |1bit_adder:inst6|   ; 2 (2)               ; 0 (0)                     ; 0           ; 0            ; 0       ; 0         ; 0    ; 0            ; |Multiplier|8bit_adder:inst10|1bit_adder:inst6 ; 1bit_adder  ; work         ;
;    |8bit_adder:inst2|      ; 8 (0)               ; 0 (0)                     ; 0           ; 0            ; 0       ; 0         ; 0    ; 0            ; |Multiplier|8bit_adder:inst2                   ; 8bit_adder  ; work         ;
;       |1bit_adder:inst1|   ; 2 (2)               ; 0 (0)                     ; 0           ; 0            ; 0       ; 0         ; 0    ; 0            ; |Multiplier|8bit_adder:inst2|1bit_adder:inst1  ; 1bit_adder  ; work         ;
;       |1bit_adder:inst2|   ; 2 (2)               ; 0 (0)                     ; 0           ; 0            ; 0       ; 0         ; 0    ; 0            ; |Multiplier|8bit_adder:inst2|1bit_adder:inst2  ; 1bit_adder  ; work         ;
;       |1bit_adder:inst3|   ; 2 (2)               ; 0 (0)                     ; 0           ; 0            ; 0       ; 0         ; 0    ; 0            ; |Multiplier|8bit_adder:inst2|1bit_adder:inst3  ; 1bit_adder  ; work         ;
;       |1bit_adder:inst4|   ; 2 (2)               ; 0 (0)                     ; 0           ; 0            ; 0       ; 0         ; 0    ; 0            ; |Multiplier|8bit_adder:inst2|1bit_adder:inst4  ; 1bit_adder  ; work         ;
;    |8bit_adder:inst32|     ; 10 (0)              ; 0 (0)                     ; 0           ; 0            ; 0       ; 0         ; 0    ; 0            ; |Multiplier|8bit_adder:inst32                  ; 8bit_adder  ; work         ;
;       |1bit_adder:inst2|   ; 2 (2)               ; 0 (0)                     ; 0           ; 0            ; 0       ; 0         ; 0    ; 0            ; |Multiplier|8bit_adder:inst32|1bit_adder:inst2 ; 1bit_adder  ; work         ;
;       |1bit_adder:inst3|   ; 2 (2)               ; 0 (0)                     ; 0           ; 0            ; 0       ; 0         ; 0    ; 0            ; |Multiplier|8bit_adder:inst32|1bit_adder:inst3 ; 1bit_adder  ; work         ;
;       |1bit_adder:inst4|   ; 2 (2)               ; 0 (0)                     ; 0           ; 0            ; 0       ; 0         ; 0    ; 0            ; |Multiplier|8bit_adder:inst32|1bit_adder:inst4 ; 1bit_adder  ; work         ;
;       |1bit_adder:inst5|   ; 2 (2)               ; 0 (0)                     ; 0           ; 0            ; 0       ; 0         ; 0    ; 0            ; |Multiplier|8bit_adder:inst32|1bit_adder:inst5 ; 1bit_adder  ; work         ;
;       |1bit_adder:inst6|   ; 1 (1)               ; 0 (0)                     ; 0           ; 0            ; 0       ; 0         ; 0    ; 0            ; |Multiplier|8bit_adder:inst32|1bit_adder:inst6 ; 1bit_adder  ; work         ;
;       |1bit_adder:inst7|   ; 1 (1)               ; 0 (0)                     ; 0           ; 0            ; 0       ; 0         ; 0    ; 0            ; |Multiplier|8bit_adder:inst32|1bit_adder:inst7 ; 1bit_adder  ; work         ;
+----------------------------+---------------------+---------------------------+-------------+--------------+---------+-----------+------+--------------+------------------------------------------------+-------------+--------------+
Note: For table entries with two numbers listed, the numbers in parentheses indicate the number of resources of the given type used by the specific entity alone. The numbers listed outside of parentheses indicate the total resources of the given type used by the specific entity and all of its sub-entities in the hierarchy.


+------------------------------------------------------+
; General Register Statistics                          ;
+----------------------------------------------+-------+
; Statistic                                    ; Value ;
+----------------------------------------------+-------+
; Total registers                              ; 0     ;
; Number of registers using Synchronous Clear  ; 0     ;
; Number of registers using Synchronous Load   ; 0     ;
; Number of registers using Asynchronous Clear ; 0     ;
; Number of registers using Asynchronous Load  ; 0     ;
; Number of registers using Clock Enable       ; 0     ;
; Number of registers using Preset             ; 0     ;
+----------------------------------------------+-------+


+-----------------------------------------------------+
; Post-Synthesis Netlist Statistics for Top Partition ;
+-----------------------+-----------------------------+
; Type                  ; Count                       ;
+-----------------------+-----------------------------+
; boundary_port         ; 72                          ;
; cycloneiii_lcell_comb ; 45                          ;
;     normal            ; 45                          ;
;         0 data inputs ; 1                           ;
;         2 data inputs ; 18                          ;
;         3 data inputs ; 6                           ;
;         4 data inputs ; 20                          ;
;                       ;                             ;
; Max LUT depth         ; 7.00                        ;
; Average LUT depth     ; 4.40                        ;
+-----------------------+-----------------------------+


+-------------------------------+
; Elapsed Time Per Partition    ;
+----------------+--------------+
; Partition Name ; Elapsed Time ;
+----------------+--------------+
; Top            ; 00:00:00     ;
+----------------+--------------+


+-------------------------------+
; Analysis & Synthesis Messages ;
+-------------------------------+
Info: *******************************************************************
Info: Running Quartus Prime Analysis & Synthesis
    Info: Version 18.1.0 Build 625 09/12/2018 SJ Lite Edition
    Info: Processing started: Sat Apr 19 23:37:33 2025
Info: Command: quartus_map --read_settings_files=on --write_settings_files=off Multiplier -c Multiplier
Warning (18236): Number of processors has not been specified which may cause overloading on shared machines.  Set the global assignment NUM_PARALLEL_PROCESSORS in your QSF to an appropriate value for best performance.
Info (20030): Parallel compilation is enabled and will use 6 of the 6 processors detected
Info (12021): Found 1 design units, including 1 entities, in source file 1bit_adder.bdf
    Info (12023): Found entity 1: 1bit_adder
Info (12021): Found 1 design units, including 1 entities, in source file 8bit_adder.bdf
    Info (12023): Found entity 1: 8bit_adder
Info (12021): Found 1 design units, including 1 entities, in source file substract.bdf
    Info (12023): Found entity 1: substract
Info (12021): Found 1 design units, including 1 entities, in source file 4bit_adder.bdf
    Info (12023): Found entity 1: 4bit_adder
Info (12021): Found 1 design units, including 1 entities, in source file multiplier.bdf
    Info (12023): Found entity 1: Multiplier
Info (12127): Elaborating entity "Multiplier" for the top level hierarchy
Info (12128): Elaborating entity "8bit_adder" for hierarchy "8bit_adder:inst2"
Info (12128): Elaborating entity "1bit_adder" for hierarchy "8bit_adder:inst2|1bit_adder:inst7"
Warning (13024): Output pins are stuck at VCC or GND
    Warning (13410): Pin "P0[7]" is stuck at GND
    Warning (13410): Pin "P0[6]" is stuck at GND
    Warning (13410): Pin "P0[5]" is stuck at GND
    Warning (13410): Pin "P0[4]" is stuck at GND
    Warning (13410): Pin "P1[7]" is stuck at GND
    Warning (13410): Pin "P1[6]" is stuck at GND
    Warning (13410): Pin "P1[5]" is stuck at GND
    Warning (13410): Pin "P1[0]" is stuck at GND
    Warning (13410): Pin "P2[7]" is stuck at GND
    Warning (13410): Pin "P2[6]" is stuck at GND
    Warning (13410): Pin "P2[1]" is stuck at GND
    Warning (13410): Pin "P2[0]" is stuck at GND
    Warning (13410): Pin "P3[7]" is stuck at GND
    Warning (13410): Pin "P3[2]" is stuck at GND
    Warning (13410): Pin "P3[1]" is stuck at GND
    Warning (13410): Pin "P3[0]" is stuck at GND
    Warning (13410): Pin "sum1[7]" is stuck at GND
    Warning (13410): Pin "sum1[6]" is stuck at GND
    Warning (13410): Pin "sum2[1]" is stuck at GND
    Warning (13410): Pin "sum2[0]" is stuck at GND
Info (286030): Timing-Driven Synthesis is running
Info (16010): Generating hard_block partition "hard_block:auto_generated_inst"
    Info (16011): Adding 0 node(s), including 0 DDIO, 0 PLL, 0 transceiver and 0 LCELL
Info (21057): Implemented 116 device resources after synthesis - the final resource count might be different
    Info (21058): Implemented 8 input pins
    Info (21059): Implemented 64 output pins
    Info (21061): Implemented 44 logic cells
Info: Quartus Prime Analysis & Synthesis was successful. 0 errors, 22 warnings
    Info: Peak virtual memory: 4765 megabytes
    Info: Processing ended: Sat Apr 19 23:37:44 2025
    Info: Elapsed time: 00:00:11
    Info: Total CPU time (on all processors): 00:00:25


